******************************************************************************
                  MSP430 Linker PC v18.1.4                     
******************************************************************************
>> Linked Wed Feb  5 01:53:50 2020

OUTPUT FILE NAME:   <hwp9.out>
ENTRY POINT SYMBOL: "_c_int00_noargs"  address: 0000e12e


MEMORY CONFIGURATION

         name            origin    length      used     unused   attr    fill
----------------------  --------  ---------  --------  --------  ----  --------
  SFR                   00000000   00000010  00000000  00000010  RWIX
  PERIPHERALS_8BIT      00000010   000000f0  00000000  000000f0  RWIX
  PERIPHERALS_16BIT     00000100   00000100  00000000  00000100  RWIX
  RAM                   00000200   00000200  000000e4  0000011c  RWIX
  INFOD                 00001000   00000040  00000000  00000040  RWIX
  INFOC                 00001040   00000040  00000000  00000040  RWIX
  INFOB                 00001080   00000040  00000000  00000040  RWIX
  INFOA                 000010c0   00000040  00000000  00000040  RWIX
  FLASH                 0000c000   00003fe0  000023f4  00001bec  RWIX
  INT00                 0000ffe0   00000002  00000000  00000002  RWIX
  INT01                 0000ffe2   00000002  00000000  00000002  RWIX
  INT02                 0000ffe4   00000002  00000002  00000000  RWIX
  INT03                 0000ffe6   00000002  00000002  00000000  RWIX
  INT04                 0000ffe8   00000002  00000000  00000002  RWIX
  INT05                 0000ffea   00000002  00000002  00000000  RWIX
  INT06                 0000ffec   00000002  00000002  00000000  RWIX
  INT07                 0000ffee   00000002  00000002  00000000  RWIX
  INT08                 0000fff0   00000002  00000002  00000000  RWIX
  INT09                 0000fff2   00000002  00000002  00000000  RWIX
  INT10                 0000fff4   00000002  00000002  00000000  RWIX
  INT11                 0000fff6   00000002  00000002  00000000  RWIX
  INT12                 0000fff8   00000002  00000002  00000000  RWIX
  INT13                 0000fffa   00000002  00000002  00000000  RWIX
  INT14                 0000fffc   00000002  00000002  00000000  RWIX
  RESET                 0000fffe   00000002  00000002  00000000  RWIX


SECTION ALLOCATION MAP

 output                                  attributes/
section   page    origin      length       input sections
--------  ----  ----------  ----------   ----------------
.bss       0    00000200    0000005c     UNINITIALIZED
                  00000200    00000034     (.common:txbuff)
                  00000234    00000028     (.common:printbuff)

.data      0    0000025c    00000038     UNINITIALIZED
                  0000025c    00000030     user_hwp9.obj (.data)
                  0000028c    00000006     UARTfuncs.obj (.data)
                  00000292    00000002     rts430_eabi.lib : errno.c.obj (.data)

.stack     0    000003b0    00000050     UNINITIALIZED
                  000003b0    00000002     rts430_eabi.lib : boot.c.obj (.stack)
                  000003b2    0000004e     --HOLE--

.text      0    0000c000    0000228e     
                  0000c000    00000478     rts430_eabi.lib : frcdivd.c.obj (.text:__TI_frcdivd)
                  0000c478    00000360                     : div64u.c.obj (.text:__mspabi_divull)
                  0000c7d8    0000027a                     : _printfi_nf.c.obj (.text:__TI_printfi_nofloat)
                  0000ca52    00000238                     : divd.c.obj (.text:__mspabi_divd)
                  0000cc8a    00000206                     : _printfi_nf.c.obj (.text:_setfield)
                  0000ce90    000001ec                     : _printfi_nf.c.obj (.text:_getarg_diouxp)
                  0000d07c    0000014c                     : _printfi_nf.c.obj (.text:_pproc_diouxp)
                  0000d1c8    00000132                     : fs_add.asm.obj (.text)
                  0000d2fa    0000012e                     : _printfi_nf.c.obj (.text:_ltostr)
                  0000d428    00000126     UARTfuncs.obj (.text:Init_UART)
                  0000d54e    0000010a     user_hwp9.obj (.text:Timer_A)
                  0000d658    000000f8     rts430_eabi.lib : _printfi_nf.c.obj (.text:_pproc_fwp)
                  0000d750    000000c4                     : _printfi_nf.c.obj (.text:_pproc_wstr)
                  0000d814    000000c4                     : fs_mpy.asm.obj (.text)
                  0000d8d8    000000ac                     : _printfi_nf.c.obj (.text:_pproc_str)
                  0000d984    0000009a     user_hwp9.obj (.text:main)
                  0000da1e    0000008c     rts430_eabi.lib : cvtdf.c.obj (.text:__mspabi_cvtdf)
                  0000daaa    0000008a                     : fltuld.c.obj (.text:__mspabi_fltuld)
                  0000db34    0000007c     user_hwp9.obj (.text:USCI0TX_ISR)
                  0000dbb0    0000007c     rts430_eabi.lib : copy_decompress_lzss.c.obj (.text:decompress:lzss:__TI_decompress_lzss)
                  0000dc2c    00000068                     : fs_toi.asm.obj (.text)
                  0000dc94    0000005c                     : lsr32.asm.obj (.text:l_lsr_const)
                  0000dcf0    00000058                     : div32u.asm.obj (.text)
                  0000dd48    00000052                     : atoi.c.obj (.text:atoi)
                  0000dd9a    0000004c     user_hwp9.obj (.text:get_switchstate)
                  0000dde6    0000004c     rts430_eabi.lib : lsr16.asm.obj (.text)
                  0000de32    0000004a                     : fs_cmp.asm.obj (.text)
                  0000de7c    00000046                     : lsr64.c.obj (.text:__mspabi_srlll)
                  0000dec2    00000044                     : lsl64.c.obj (.text:__mspabi_sllll)
                  0000df06    00000042                     : autoinit.c.obj (.text:__TI_auto_init_nobinit_nopinit:__TI_auto_init_nobinit_nopinit)
                  0000df48    0000003e                     : asr32.asm.obj (.text:l_asr_const)
                  0000df86    0000003e                     : lsl32.asm.obj (.text:l_lsl_const)
                  0000dfc4    00000036                     : fs_itof.asm.obj (.text)
                  0000dffa    00000034                     : vsprintf.c.obj (.text:vsprintf)
                  0000e02e    0000002e     UARTfuncs.obj (.text:sendchars)
                  0000e05c    0000002c     rts430_eabi.lib : asr16.asm.obj (.text)
                  0000e088    0000002c                     : div16s.asm.obj (.text)
                  0000e0b4    0000002c                     : lsl16.asm.obj (.text)
                  0000e0e0    00000028     user_hwp9.obj (.text:print_every)
                  0000e108    00000026     rts430_eabi.lib : mult32.asm.obj (.text)
                  0000e12e    0000001c                     : boot.c.obj (.text:_c_int00_noargs)
                  0000e14a    0000001a     UARTfuncs.obj (.text:UART_printf)
                  0000e164    0000001a     rts430_eabi.lib : vsprintf.c.obj (.text:_outs)
                  0000e17e    0000001a                     : memccpy.c.obj (.text:memccpy)
                  0000e198    00000016     user_hwp9.obj (.text:USCI0RX_ISR)
                  0000e1ae    00000016     rts430_eabi.lib : div16u.asm.obj (.text)
                  0000e1c4    00000014                     : copy_zero_init.c.obj (.text:decompress:ZI:__TI_zero_init_nomemset:__TI_zero_init_nomemset)
                  0000e1d8    00000014                     : memset.c.obj (.text:memset)
                  0000e1ec    00000014                     : mult16.asm.obj (.text)
                  0000e200    00000014                     : wcslen.c.obj (.text:wcslen)
                  0000e214    00000012                     : vsprintf.c.obj (.text:_outc)
                  0000e226    00000012                     : copy_decompress_none.c.obj (.text:decompress:none:__TI_decompress_none)
                  0000e238    00000012                     : lsr32.asm.obj (.text:l_lsr)
                  0000e24a    00000012                     : memcpy.c.obj (.text:memcpy)
                  0000e25c    00000010                     : epilog.asm.obj (.text)
                  0000e26c    0000000e                     : strlen.c.obj (.text:strlen)
                  0000e27a    00000008                     : isr_trap.asm.obj (.text:_isr:__TI_ISR_TRAP)
                  0000e282    00000006                     : exit.c.obj (.text:abort)
                  0000e288    00000004                     : pre_init.c.obj (.text:_system_pre_init)
                  0000e28c    00000002                     : startup.c.obj (.text:_system_post_cinit)

.const     0    0000e28e    0000012e     
                  0000e28e    00000101     rts430_eabi.lib : ctype.c.obj (.const:.string:_ctypes_)
                  0000e38f    00000001     --HOLE-- [fill = 0]
                  0000e390    00000026                     : _printfi_nf.c.obj (.const:.string)
                  0000e3b6    00000006     user_hwp9.obj (.const:.string)

.cinit     0    0000e3bc    00000038     
                  0000e3bc    00000026     (.cinit..data.load) [load image, compression = lzss]
                  0000e3e2    00000006     (__TI_handler_table)
                  0000e3e8    00000004     (.cinit..bss.load) [load image, compression = zero_init]
                  0000e3ec    00000008     (__TI_cinit_table)

.init_array 
*          0    0000c000    00000000     UNINITIALIZED

PORT1      0    0000ffe4    00000002     
                  0000ffe4    00000002     rts430_eabi.lib : int02.asm.obj (.int02)

PORT2      0    0000ffe6    00000002     
                  0000ffe6    00000002     rts430_eabi.lib : int03.asm.obj (.int03)

ADC10      0    0000ffea    00000002     
                  0000ffea    00000002     rts430_eabi.lib : int05.asm.obj (.int05)

USCIAB0TX 
*          0    0000ffec    00000002     
                  0000ffec    00000002     user_hwp9.obj (.int06)

USCIAB0RX 
*          0    0000ffee    00000002     
                  0000ffee    00000002     user_hwp9.obj (.int07)

TIMER0_A1 
*          0    0000fff0    00000002     
                  0000fff0    00000002     rts430_eabi.lib : int08.asm.obj (.int08)

TIMER0_A0 
*          0    0000fff2    00000002     
                  0000fff2    00000002     user_hwp9.obj (.int09)

WDT        0    0000fff4    00000002     
                  0000fff4    00000002     rts430_eabi.lib : int10.asm.obj (.int10)

COMPARATORA 
*          0    0000fff6    00000002     
                  0000fff6    00000002     rts430_eabi.lib : int11.asm.obj (.int11)

TIMER1_A1 
*          0    0000fff8    00000002     
                  0000fff8    00000002     rts430_eabi.lib : int12.asm.obj (.int12)

TIMER1_A0 
*          0    0000fffa    00000002     
                  0000fffa    00000002     rts430_eabi.lib : int13.asm.obj (.int13)

NMI        0    0000fffc    00000002     
                  0000fffc    00000002     rts430_eabi.lib : int14.asm.obj (.int14)

.reset     0    0000fffe    00000002     
                  0000fffe    00000002     rts430_eabi.lib : boot.c.obj (.reset)

MODULE SUMMARY

       Module                       code   ro data   rw data
       ------                       ----   -------   -------
    .\
       user_hwp9.obj                682    12        48     
       UARTfuncs.obj                366    0         98     
    +--+----------------------------+------+---------+---------+
       Total:                       1048   12        146    
                                                            
    D:\Code Composer Studio\ccsv8\tools\compiler\ti-cgt-msp430_18.1.4.LTS\lib\rts430_eabi.lib
       _printfi_nf.c.obj            2894   38        0      
       frcdivd.c.obj                1144   0         0      
       div64u.c.obj                 864    0         0      
       divd.c.obj                   568    0         0      
       fs_add.asm.obj               306    0         0      
       ctype.c.obj                  0      257       0      
       fs_mpy.asm.obj               196    0         0      
       cvtdf.c.obj                  140    0         0      
       fltuld.c.obj                 138    0         0      
       copy_decompress_lzss.c.obj   124    0         0      
       lsr32.asm.obj                110    0         0      
       fs_toi.asm.obj               104    0         0      
       vsprintf.c.obj               96     0         0      
       div32u.asm.obj               88     0         0      
       atoi.c.obj                   82     0         0      
       lsr16.asm.obj                76     0         0      
       fs_cmp.asm.obj               74     0         0      
       lsr64.c.obj                  70     0         0      
       lsl64.c.obj                  68     0         0      
       autoinit.c.obj               66     0         0      
       asr32.asm.obj                62     0         0      
       lsl32.asm.obj                62     0         0      
       fs_itof.asm.obj              54     0         0      
       asr16.asm.obj                44     0         0      
       div16s.asm.obj               44     0         0      
       lsl16.asm.obj                44     0         0      
       mult32.asm.obj               38     0         0      
       boot.c.obj                   28     2         0      
       memccpy.c.obj                26     0         0      
       div16u.asm.obj               22     0         0      
       copy_zero_init.c.obj         20     0         0      
       memset.c.obj                 20     0         0      
       mult16.asm.obj               20     0         0      
       wcslen.c.obj                 20     0         0      
       copy_decompress_none.c.obj   18     0         0      
       memcpy.c.obj                 18     0         0      
       epilog.asm.obj               16     0         0      
       strlen.c.obj                 14     0         0      
       isr_trap.asm.obj             8      0         0      
       exit.c.obj                   6      0         0      
       pre_init.c.obj               4      0         0      
       errno.c.obj                  0      0         2      
       int02.asm.obj                0      2         0      
       int03.asm.obj                0      2         0      
       int05.asm.obj                0      2         0      
       int08.asm.obj                0      2         0      
       int10.asm.obj                0      2         0      
       int11.asm.obj                0      2         0      
       int12.asm.obj                0      2         0      
       int13.asm.obj                0      2         0      
       int14.asm.obj                0      2         0      
       startup.c.obj                2      0         0      
    +--+----------------------------+------+---------+---------+
       Total:                       7798   315       2      
                                                            
       Stack:                       0      0         80     
       Linker Generated:            0      56        0      
    +--+----------------------------+------+---------+---------+
       Grand Total:                 8846   383       228    


LINKER GENERATED COPY TABLES

__TI_cinit_table @ 0000e3ec records: 2, size/record: 4, table size: 8
	.data: load addr=0000e3bc, load size=00000026 bytes, run addr=0000025c, run size=00000038 bytes, compression=lzss
	.bss: load addr=0000e3e8, load size=00000004 bytes, run addr=00000200, run size=0000005c bytes, compression=zero_init


LINKER GENERATED HANDLER TABLE

__TI_handler_table @ 0000e3e2 records: 3, size/record: 2, table size: 6
	index: 0, handler: __TI_zero_init
	index: 1, handler: __TI_decompress_lzss
	index: 2, handler: __TI_decompress_none


GLOBAL SYMBOLS: SORTED ALPHABETICALLY BY Name 

address   name                          
-------   ----                          
0000004a  ADC10AE0                      
000001b0  ADC10CTL0                     
000001b2  ADC10CTL1                     
00000048  ADC10DTC0                     
00000049  ADC10DTC1                     
000001b4  ADC10MEM                      
000001bc  ADC10SA                       
00000270  B                             
00000057  BCSCTL1                       
00000058  BCSCTL2                       
00000053  BCSCTL3                       
00000288  Blink                         
0000e282  C$$EXIT                       
00000274  C1                            
00000059  CACTL1                        
0000005a  CACTL2                        
000010fb  CALBC1_12MHZ                  
000010f9  CALBC1_16MHZ                  
000010ff  CALBC1_1MHZ                   
000010fd  CALBC1_8MHZ                   
000010fa  CALDCO_12MHZ                  
000010f8  CALDCO_16MHZ                  
000010fe  CALDCO_1MHZ                   
000010fc  CALDCO_8MHZ                   
0000005b  CAPD                          
00000278  D                             
00000056  DCOCTL                        
0000027c  E                             
00000280  F                             
00000128  FCTL1                         
0000012a  FCTL2                         
0000012c  FCTL3                         
00000284  G                             
00000000  IE1                           
00000001  IE2                           
00000002  IFG1                          
00000003  IFG2                          
0000d428  Init_UART                     
00000266  NumOff                        
00000262  NumOn                         
00000022  P1DIR                         
00000025  P1IE                          
00000024  P1IES                         
00000023  P1IFG                         
00000020  P1IN                          
00000021  P1OUT                         
00000027  P1REN                         
00000026  P1SEL                         
00000041  P1SEL2                        
0000002a  P2DIR                         
0000002d  P2IE                          
0000002c  P2IES                         
0000002b  P2IFG                         
00000028  P2IN                          
00000029  P2OUT                         
0000002f  P2REN                         
0000002e  P2SEL                         
00000042  P2SEL2                        
0000001a  P3DIR                         
00000018  P3IN                          
00000019  P3OUT                         
00000010  P3REN                         
0000001b  P3SEL                         
00000043  P3SEL2                        
00000172  TA0CCR0                       
00000174  TA0CCR1                       
00000176  TA0CCR2                       
00000162  TA0CCTL0                      
00000164  TA0CCTL1                      
00000166  TA0CCTL2                      
00000160  TA0CTL                        
0000012e  TA0IV                         
00000170  TA0R                          
00000192  TA1CCR0                       
00000194  TA1CCR1                       
00000196  TA1CCR2                       
00000182  TA1CCTL0                      
00000184  TA1CCTL1                      
00000186  TA1CCTL2                      
00000180  TA1CTL                        
0000011e  TA1IV                         
00000190  TA1R                          
000010db  TLV_ADC10_1_LEN               
000010da  TLV_ADC10_1_TAG               
000010c0  TLV_CHECKSUM                  
000010f7  TLV_DCO_30_LEN                
000010f6  TLV_DCO_30_TAG                
0000d54e  Timer_A                       
00000291  UART_flag                     
0000e14a  UART_printf                   
0000005d  UCA0ABCTL                     
00000062  UCA0BR0                       
00000063  UCA0BR1                       
00000060  UCA0CTL0                      
00000061  UCA0CTL1                      
0000005f  UCA0IRRCTL                    
0000005e  UCA0IRTCTL                    
00000064  UCA0MCTL                      
00000066  UCA0RXBUF                     
00000065  UCA0STAT                      
00000067  UCA0TXBUF                     
0000006a  UCB0BR0                       
0000006b  UCB0BR1                       
00000068  UCB0CTL0                      
00000069  UCB0CTL1                      
0000006c  UCB0I2CIE                     
00000118  UCB0I2COA                     
0000011a  UCB0I2CSA                     
0000006e  UCB0RXBUF                     
0000006d  UCB0STAT                      
0000006f  UCB0TXBUF                     
0000e198  USCI0RX_ISR                   
0000db34  USCI0TX_ISR                   
00000120  WDTCTL                        
00000400  __STACK_END                   
00000050  __STACK_SIZE                  
0000e3ec  __TI_CINIT_Base               
0000e3f4  __TI_CINIT_Limit              
0000e3e2  __TI_Handler_Table_Base       
0000e3e8  __TI_Handler_Table_Limit      
0000e27a  __TI_ISR_TRAP                 
0000df06  __TI_auto_init_nobinit_nopinit
0000dbb0  __TI_decompress_lzss          
0000e226  __TI_decompress_none          
0000c000  __TI_frcdivd                  
0000ffe4  __TI_int02                    
0000ffe6  __TI_int03                    
0000ffea  __TI_int05                    
0000ffec  __TI_int06                    
0000ffee  __TI_int07                    
0000fff0  __TI_int08                    
0000fff2  __TI_int09                    
0000fff4  __TI_int10                    
0000fff6  __TI_int11                    
0000fff8  __TI_int12                    
0000fffa  __TI_int13                    
0000fffc  __TI_int14                    
ffffffff  __TI_pprof_out_hndl           
0000c7d8  __TI_printfi_nofloat          
ffffffff  __TI_prof_data_size           
ffffffff  __TI_prof_data_start          
0000e1c4  __TI_zero_init_nomemset       
ffffffff  __c_args__                    
0000d1ce  __mspabi_addf                 
0000de32  __mspabi_cmpf                 
0000da1e  __mspabi_cvtdf                
0000ca52  __mspabi_divd                 
0000e088  __mspabi_divi                 
0000e1ae  __mspabi_divu                 
0000dcf0  __mspabi_divul                
0000c478  __mspabi_divull               
0000dc2c  __mspabi_fixfi                
0000dfc4  __mspabi_fltif                
0000daaa  __mspabi_fltuld               
0000e268  __mspabi_func_epilog_1        
0000e266  __mspabi_func_epilog_2        
0000e264  __mspabi_func_epilog_3        
0000e262  __mspabi_func_epilog_4        
0000e260  __mspabi_func_epilog_5        
0000e25e  __mspabi_func_epilog_6        
0000e25c  __mspabi_func_epilog_7        
0000d814  __mspabi_mpyf                 
0000e1ec  __mspabi_mpyi                 
0000e1ec  __mspabi_mpyi_sw              
0000e108  __mspabi_mpyl                 
0000e108  __mspabi_mpyl_sw              
0000e088  __mspabi_remi                 
0000e1ae  __mspabi_remu                 
0000dcf0  __mspabi_remul                
0000e0b4  __mspabi_slli                 
0000e0dc  __mspabi_slli_1               
0000e0ca  __mspabi_slli_10              
0000e0c8  __mspabi_slli_11              
0000e0c6  __mspabi_slli_12              
0000e0c4  __mspabi_slli_13              
0000e0c2  __mspabi_slli_14              
0000e0c0  __mspabi_slli_15              
0000e0da  __mspabi_slli_2               
0000e0d8  __mspabi_slli_3               
0000e0d6  __mspabi_slli_4               
0000e0d4  __mspabi_slli_5               
0000e0d2  __mspabi_slli_6               
0000e0d0  __mspabi_slli_7               
0000e0ce  __mspabi_slli_8               
0000e0cc  __mspabi_slli_9               
0000dfbe  __mspabi_slll_1               
0000df9a  __mspabi_slll_10              
0000df96  __mspabi_slll_11              
0000df92  __mspabi_slll_12              
0000df8e  __mspabi_slll_13              
0000df8a  __mspabi_slll_14              
0000df86  __mspabi_slll_15              
0000dfba  __mspabi_slll_2               
0000dfb6  __mspabi_slll_3               
0000dfb2  __mspabi_slll_4               
0000dfae  __mspabi_slll_5               
0000dfaa  __mspabi_slll_6               
0000dfa6  __mspabi_slll_7               
0000dfa2  __mspabi_slll_8               
0000df9e  __mspabi_slll_9               
0000dec2  __mspabi_sllll                
0000e05c  __mspabi_srai                 
0000e084  __mspabi_srai_1               
0000e072  __mspabi_srai_10              
0000e070  __mspabi_srai_11              
0000e06e  __mspabi_srai_12              
0000e06c  __mspabi_srai_13              
0000e06a  __mspabi_srai_14              
0000e068  __mspabi_srai_15              
0000e082  __mspabi_srai_2               
0000e080  __mspabi_srai_3               
0000e07e  __mspabi_srai_4               
0000e07c  __mspabi_srai_5               
0000e07a  __mspabi_srai_6               
0000e078  __mspabi_srai_7               
0000e076  __mspabi_srai_8               
0000e074  __mspabi_srai_9               
0000df80  __mspabi_sral_1               
0000df5c  __mspabi_sral_10              
0000df58  __mspabi_sral_11              
0000df54  __mspabi_sral_12              
0000df50  __mspabi_sral_13              
0000df4c  __mspabi_sral_14              
0000df48  __mspabi_sral_15              
0000df7c  __mspabi_sral_2               
0000df78  __mspabi_sral_3               
0000df74  __mspabi_sral_4               
0000df70  __mspabi_sral_5               
0000df6c  __mspabi_sral_6               
0000df68  __mspabi_sral_7               
0000df64  __mspabi_sral_8               
0000df60  __mspabi_sral_9               
0000dde6  __mspabi_srli                 
0000de2c  __mspabi_srli_1               
0000de08  __mspabi_srli_10              
0000de04  __mspabi_srli_11              
0000de00  __mspabi_srli_12              
0000ddfc  __mspabi_srli_13              
0000ddf8  __mspabi_srli_14              
0000ddf4  __mspabi_srli_15              
0000de28  __mspabi_srli_2               
0000de24  __mspabi_srli_3               
0000de20  __mspabi_srli_4               
0000de1c  __mspabi_srli_5               
0000de18  __mspabi_srli_6               
0000de14  __mspabi_srli_7               
0000de10  __mspabi_srli_8               
0000de0c  __mspabi_srli_9               
0000e238  __mspabi_srll                 
0000dce8  __mspabi_srll_1               
0000dcb2  __mspabi_srll_10              
0000dcac  __mspabi_srll_11              
0000dca6  __mspabi_srll_12              
0000dca0  __mspabi_srll_13              
0000dc9a  __mspabi_srll_14              
0000dc94  __mspabi_srll_15              
0000dce2  __mspabi_srll_2               
0000dcdc  __mspabi_srll_3               
0000dcd6  __mspabi_srll_4               
0000dcd0  __mspabi_srll_5               
0000dcca  __mspabi_srll_6               
0000dcc4  __mspabi_srll_7               
0000dcbe  __mspabi_srll_8               
0000dcb8  __mspabi_srll_9               
0000de7c  __mspabi_srlll                
0000d1c8  __mspabi_subf                 
0000e12e  _c_int00_noargs               
0000e28e  _ctypes_                      
0000fffe  _reset_vector                 
000003b0  _stack                        
0000e28c  _system_post_cinit            
0000e288  _system_pre_init              
0000e282  abort                         
0000dd48  atoi                          
0000028e  currentindex                  
0000028c  donesending                   
00000292  errno                         
0000dd9a  get_switchstate               
0000d984  main                          
0000e17e  memccpy                       
0000e24a  memcpy                        
0000e1d8  memset                        
0000025c  msgindex                      
0000025f  newmsg                        
00000260  newprint                      
0000e0e0  print_every                   
0000028a  print_timecheck               
00000234  printbuff                     
00000290  printf_flag                   
0000e02e  sendchars                     
0000028f  senddone                      
0000025e  started                       
0000026a  statevar                      
0000e26c  strlen                        
0000026e  switch_state                  
0000026c  timecheck                     
00000200  txbuff                        
0000028d  txcount                       
0000025d  txindex                       
0000dffa  vsprintf                      
0000e200  wcslen                        


GLOBAL SYMBOLS: SORTED BY Symbol Address 

address   name                          
-------   ----                          
00000000  IE1                           
00000001  IE2                           
00000002  IFG1                          
00000003  IFG2                          
00000010  P3REN                         
00000018  P3IN                          
00000019  P3OUT                         
0000001a  P3DIR                         
0000001b  P3SEL                         
00000020  P1IN                          
00000021  P1OUT                         
00000022  P1DIR                         
00000023  P1IFG                         
00000024  P1IES                         
00000025  P1IE                          
00000026  P1SEL                         
00000027  P1REN                         
00000028  P2IN                          
00000029  P2OUT                         
0000002a  P2DIR                         
0000002b  P2IFG                         
0000002c  P2IES                         
0000002d  P2IE                          
0000002e  P2SEL                         
0000002f  P2REN                         
00000041  P1SEL2                        
00000042  P2SEL2                        
00000043  P3SEL2                        
00000048  ADC10DTC0                     
00000049  ADC10DTC1                     
0000004a  ADC10AE0                      
00000050  __STACK_SIZE                  
00000053  BCSCTL3                       
00000056  DCOCTL                        
00000057  BCSCTL1                       
00000058  BCSCTL2                       
00000059  CACTL1                        
0000005a  CACTL2                        
0000005b  CAPD                          
0000005d  UCA0ABCTL                     
0000005e  UCA0IRTCTL                    
0000005f  UCA0IRRCTL                    
00000060  UCA0CTL0                      
00000061  UCA0CTL1                      
00000062  UCA0BR0                       
00000063  UCA0BR1                       
00000064  UCA0MCTL                      
00000065  UCA0STAT                      
00000066  UCA0RXBUF                     
00000067  UCA0TXBUF                     
00000068  UCB0CTL0                      
00000069  UCB0CTL1                      
0000006a  UCB0BR0                       
0000006b  UCB0BR1                       
0000006c  UCB0I2CIE                     
0000006d  UCB0STAT                      
0000006e  UCB0RXBUF                     
0000006f  UCB0TXBUF                     
00000118  UCB0I2COA                     
0000011a  UCB0I2CSA                     
0000011e  TA1IV                         
00000120  WDTCTL                        
00000128  FCTL1                         
0000012a  FCTL2                         
0000012c  FCTL3                         
0000012e  TA0IV                         
00000160  TA0CTL                        
00000162  TA0CCTL0                      
00000164  TA0CCTL1                      
00000166  TA0CCTL2                      
00000170  TA0R                          
00000172  TA0CCR0                       
00000174  TA0CCR1                       
00000176  TA0CCR2                       
00000180  TA1CTL                        
00000182  TA1CCTL0                      
00000184  TA1CCTL1                      
00000186  TA1CCTL2                      
00000190  TA1R                          
00000192  TA1CCR0                       
00000194  TA1CCR1                       
00000196  TA1CCR2                       
000001b0  ADC10CTL0                     
000001b2  ADC10CTL1                     
000001b4  ADC10MEM                      
000001bc  ADC10SA                       
00000200  txbuff                        
00000234  printbuff                     
0000025c  msgindex                      
0000025d  txindex                       
0000025e  started                       
0000025f  newmsg                        
00000260  newprint                      
00000262  NumOn                         
00000266  NumOff                        
0000026a  statevar                      
0000026c  timecheck                     
0000026e  switch_state                  
00000270  B                             
00000274  C1                            
00000278  D                             
0000027c  E                             
00000280  F                             
00000284  G                             
00000288  Blink                         
0000028a  print_timecheck               
0000028c  donesending                   
0000028d  txcount                       
0000028e  currentindex                  
0000028f  senddone                      
00000290  printf_flag                   
00000291  UART_flag                     
00000292  errno                         
000003b0  _stack                        
00000400  __STACK_END                   
000010c0  TLV_CHECKSUM                  
000010da  TLV_ADC10_1_TAG               
000010db  TLV_ADC10_1_LEN               
000010f6  TLV_DCO_30_TAG                
000010f7  TLV_DCO_30_LEN                
000010f8  CALDCO_16MHZ                  
000010f9  CALBC1_16MHZ                  
000010fa  CALDCO_12MHZ                  
000010fb  CALBC1_12MHZ                  
000010fc  CALDCO_8MHZ                   
000010fd  CALBC1_8MHZ                   
000010fe  CALDCO_1MHZ                   
000010ff  CALBC1_1MHZ                   
0000c000  __TI_frcdivd                  
0000c478  __mspabi_divull               
0000c7d8  __TI_printfi_nofloat          
0000ca52  __mspabi_divd                 
0000d1c8  __mspabi_subf                 
0000d1ce  __mspabi_addf                 
0000d428  Init_UART                     
0000d54e  Timer_A                       
0000d814  __mspabi_mpyf                 
0000d984  main                          
0000da1e  __mspabi_cvtdf                
0000daaa  __mspabi_fltuld               
0000db34  USCI0TX_ISR                   
0000dbb0  __TI_decompress_lzss          
0000dc2c  __mspabi_fixfi                
0000dc94  __mspabi_srll_15              
0000dc9a  __mspabi_srll_14              
0000dca0  __mspabi_srll_13              
0000dca6  __mspabi_srll_12              
0000dcac  __mspabi_srll_11              
0000dcb2  __mspabi_srll_10              
0000dcb8  __mspabi_srll_9               
0000dcbe  __mspabi_srll_8               
0000dcc4  __mspabi_srll_7               
0000dcca  __mspabi_srll_6               
0000dcd0  __mspabi_srll_5               
0000dcd6  __mspabi_srll_4               
0000dcdc  __mspabi_srll_3               
0000dce2  __mspabi_srll_2               
0000dce8  __mspabi_srll_1               
0000dcf0  __mspabi_divul                
0000dcf0  __mspabi_remul                
0000dd48  atoi                          
0000dd9a  get_switchstate               
0000dde6  __mspabi_srli                 
0000ddf4  __mspabi_srli_15              
0000ddf8  __mspabi_srli_14              
0000ddfc  __mspabi_srli_13              
0000de00  __mspabi_srli_12              
0000de04  __mspabi_srli_11              
0000de08  __mspabi_srli_10              
0000de0c  __mspabi_srli_9               
0000de10  __mspabi_srli_8               
0000de14  __mspabi_srli_7               
0000de18  __mspabi_srli_6               
0000de1c  __mspabi_srli_5               
0000de20  __mspabi_srli_4               
0000de24  __mspabi_srli_3               
0000de28  __mspabi_srli_2               
0000de2c  __mspabi_srli_1               
0000de32  __mspabi_cmpf                 
0000de7c  __mspabi_srlll                
0000dec2  __mspabi_sllll                
0000df06  __TI_auto_init_nobinit_nopinit
0000df48  __mspabi_sral_15              
0000df4c  __mspabi_sral_14              
0000df50  __mspabi_sral_13              
0000df54  __mspabi_sral_12              
0000df58  __mspabi_sral_11              
0000df5c  __mspabi_sral_10              
0000df60  __mspabi_sral_9               
0000df64  __mspabi_sral_8               
0000df68  __mspabi_sral_7               
0000df6c  __mspabi_sral_6               
0000df70  __mspabi_sral_5               
0000df74  __mspabi_sral_4               
0000df78  __mspabi_sral_3               
0000df7c  __mspabi_sral_2               
0000df80  __mspabi_sral_1               
0000df86  __mspabi_slll_15              
0000df8a  __mspabi_slll_14              
0000df8e  __mspabi_slll_13              
0000df92  __mspabi_slll_12              
0000df96  __mspabi_slll_11              
0000df9a  __mspabi_slll_10              
0000df9e  __mspabi_slll_9               
0000dfa2  __mspabi_slll_8               
0000dfa6  __mspabi_slll_7               
0000dfaa  __mspabi_slll_6               
0000dfae  __mspabi_slll_5               
0000dfb2  __mspabi_slll_4               
0000dfb6  __mspabi_slll_3               
0000dfba  __mspabi_slll_2               
0000dfbe  __mspabi_slll_1               
0000dfc4  __mspabi_fltif                
0000dffa  vsprintf                      
0000e02e  sendchars                     
0000e05c  __mspabi_srai                 
0000e068  __mspabi_srai_15              
0000e06a  __mspabi_srai_14              
0000e06c  __mspabi_srai_13              
0000e06e  __mspabi_srai_12              
0000e070  __mspabi_srai_11              
0000e072  __mspabi_srai_10              
0000e074  __mspabi_srai_9               
0000e076  __mspabi_srai_8               
0000e078  __mspabi_srai_7               
0000e07a  __mspabi_srai_6               
0000e07c  __mspabi_srai_5               
0000e07e  __mspabi_srai_4               
0000e080  __mspabi_srai_3               
0000e082  __mspabi_srai_2               
0000e084  __mspabi_srai_1               
0000e088  __mspabi_divi                 
0000e088  __mspabi_remi                 
0000e0b4  __mspabi_slli                 
0000e0c0  __mspabi_slli_15              
0000e0c2  __mspabi_slli_14              
0000e0c4  __mspabi_slli_13              
0000e0c6  __mspabi_slli_12              
0000e0c8  __mspabi_slli_11              
0000e0ca  __mspabi_slli_10              
0000e0cc  __mspabi_slli_9               
0000e0ce  __mspabi_slli_8               
0000e0d0  __mspabi_slli_7               
0000e0d2  __mspabi_slli_6               
0000e0d4  __mspabi_slli_5               
0000e0d6  __mspabi_slli_4               
0000e0d8  __mspabi_slli_3               
0000e0da  __mspabi_slli_2               
0000e0dc  __mspabi_slli_1               
0000e0e0  print_every                   
0000e108  __mspabi_mpyl                 
0000e108  __mspabi_mpyl_sw              
0000e12e  _c_int00_noargs               
0000e14a  UART_printf                   
0000e17e  memccpy                       
0000e198  USCI0RX_ISR                   
0000e1ae  __mspabi_divu                 
0000e1ae  __mspabi_remu                 
0000e1c4  __TI_zero_init_nomemset       
0000e1d8  memset                        
0000e1ec  __mspabi_mpyi                 
0000e1ec  __mspabi_mpyi_sw              
0000e200  wcslen                        
0000e226  __TI_decompress_none          
0000e238  __mspabi_srll                 
0000e24a  memcpy                        
0000e25c  __mspabi_func_epilog_7        
0000e25e  __mspabi_func_epilog_6        
0000e260  __mspabi_func_epilog_5        
0000e262  __mspabi_func_epilog_4        
0000e264  __mspabi_func_epilog_3        
0000e266  __mspabi_func_epilog_2        
0000e268  __mspabi_func_epilog_1        
0000e26c  strlen                        
0000e27a  __TI_ISR_TRAP                 
0000e282  C$$EXIT                       
0000e282  abort                         
0000e288  _system_pre_init              
0000e28c  _system_post_cinit            
0000e28e  _ctypes_                      
0000e3e2  __TI_Handler_Table_Base       
0000e3e8  __TI_Handler_Table_Limit      
0000e3ec  __TI_CINIT_Base               
0000e3f4  __TI_CINIT_Limit              
0000ffe4  __TI_int02                    
0000ffe6  __TI_int03                    
0000ffea  __TI_int05                    
0000ffec  __TI_int06                    
0000ffee  __TI_int07                    
0000fff0  __TI_int08                    
0000fff2  __TI_int09                    
0000fff4  __TI_int10                    
0000fff6  __TI_int11                    
0000fff8  __TI_int12                    
0000fffa  __TI_int13                    
0000fffc  __TI_int14                    
0000fffe  _reset_vector                 
ffffffff  __TI_pprof_out_hndl           
ffffffff  __TI_prof_data_size           
ffffffff  __TI_prof_data_start          
ffffffff  __c_args__                    

[301 symbols]
